// Jest Snapshot v1, https://goo.gl/fbAQLP

exports[`Footer Component testing should render Footer component 1`] = `ShallowWrapper {}`;
